#-----------------------------------------------------------
# Vivado v2017.4 (64-bit)
# SW Build 2086221 on Fri Dec 15 20:55:39 MST 2017
# IP Build 2085800 on Fri Dec 15 22:25:07 MST 2017
# Start of session at: Mon May 22 16:21:37 2023
# Process ID: 10928
# Current directory: C:/Users/Administrator/Desktop/CPU_1
# Command line: vivado.exe -gui_launcher_event rodinguilauncherevent5124 C:\Users\Administrator\Desktop\CPU_1\CPU_1.xpr
# Log file: C:/Users/Administrator/Desktop/CPU_1/vivado.log
# Journal file: C:/Users/Administrator/Desktop/CPU_1\vivado.jou
#-----------------------------------------------------------
start_gui
open_project C:/Users/Administrator/Desktop/CPU_1/CPU_1.xpr
update_compile_order -fileset sources_1
reorder_files -fileset constrs_1 -after C:/Users/Administrator/Desktop/CPU_1/CPU_1.srcs/constrs_1/new/c.xdc C:/Users/Administrator/Desktop/CPU_1/CPU_1.srcs/constrs_1/new/c.xdc
reset_run synth_2
launch_runs impl_2 -to_step write_bitstream -jobs 4
wait_on_run impl_2
reset_run synth_2
launch_runs impl_2 -to_step write_bitstream -jobs 4
wait_on_run impl_2
open_hw
connect_hw_server
open_hw_target
disconnect_hw_server localhost:3121
connect_hw_server
disconnect_hw_server localhost:3121
connect_hw_server
open_hw_target
refresh_hw_target {localhost:3121/xilinx_tcf/Xilinx/1234-tulA}
refresh_hw_target {localhost:3121/xilinx_tcf/Xilinx/1234-tulA}
close_hw_target {localhost:3121/xilinx_tcf/Xilinx/1234-tulA}
disconnect_hw_server localhost:3121
connect_hw_server
open_hw_target
close_hw_target {localhost:3121/xilinx_tcf/Xilinx/1234-tulA}
disconnect_hw_server localhost:3121
connect_hw_server
open_hw_target
refresh_hw_target {localhost:3121/xilinx_tcf/Xilinx/1234-tulA}
close_hw_target {localhost:3121/xilinx_tcf/Xilinx/1234-tulA}
disconnect_hw_server localhost:3121
connect_hw_server
open_hw_target
disconnect_hw_server localhost:3121
connect_hw_server
disconnect_hw_server
connect_hw_server
disconnect_hw_server localhost:3121
connect_hw_server
disconnect_hw_server
connect_hw_server
disconnect_hw_server localhost:3121
connect_hw_server
open_hw_target
refresh_hw_target {localhost:3121/xilinx_tcf/Xilinx/1234-tulA}
refresh_hw_target {localhost:3121/xilinx_tcf/Xilinx/1234-tulA}
refresh_hw_target {localhost:3121/xilinx_tcf/Xilinx/1234-tulA}
disconnect_hw_server
connect_hw_server
open_hw_target
disconnect_hw_server
connect_hw_server
open_hw_target
refresh_hw_target {localhost:3121/xilinx_tcf/Xilinx/1234-tulA}
refresh_hw_target {localhost:3121/xilinx_tcf/Xilinx/1234-tulA}
refresh_hw_target {localhost:3121/xilinx_tcf/Xilinx/1234-tulA}
close_hw_target {localhost:3121/xilinx_tcf/Xilinx/1234-tulA}
disconnect_hw_server localhost:3121
connect_hw_server
open_hw_target
disconnect_hw_server
connect_hw_server
disconnect_hw_server localhost:3121
connect_hw_server
open_hw_target
disconnect_hw_server
connect_hw_server
open_hw_target
disconnect_hw_server n
disconnect_hw_server
open_hw_target
connect_hw_server
open_hw_target
disconnect_hw_server localhost:3121
connect_hw_server
disconnect_hw_server localhost:3121
connect_hw_server
disconnect_hw_server localhost:3121
connect_hw_server
disconnect_hw_server localhost:3121
connect_hw_server
open_hw_target
disconnect_hw_server localhost:3121
connect_hw_server
disconnect_hw_server localhost:3121
connect_hw_server
disconnect_hw_server localhost:3121
connect_hw_server
disconnect_hw_server localhost:3121
connect_hw_server
open_hw_target
